11:33:46 **** Build of configuration Debug for project systick ****
make -j12 all 
arm-none-eabi-gcc "../Src/gpio.c" -mcpu=cortex-m4 -std=gnu11 -g3 -DDEBUG -DSTM32 -DSTM32F4 -DSTM32F446RETx -DNUCLEO_F446RE -DSTM32F446xx -c -I../Inc -I"C:/Users/elena/STM32CubeIDE/workspace_1.18.1/systick/chip_headers/CMSIS/Include" -I"C:/Users/elena/STM32CubeIDE/workspace_1.18.1/systick/chip_headers/CMSIS/Device/ST/STM32F4xx/Include" -O0 -ffunction-sections -fdata-sections -Wall -fstack-usage -fcyclomatic-complexity -MMD -MP -MF"Src/gpio.d" -MT"Src/gpio.o" --specs=nano.specs -mfpu=fpv4-sp-d16 -mfloat-abi=hard -mthumb -o "Src/gpio.o"
arm-none-eabi-gcc "../Src/main.c" -mcpu=cortex-m4 -std=gnu11 -g3 -DDEBUG -DSTM32 -DSTM32F4 -DSTM32F446RETx -DNUCLEO_F446RE -DSTM32F446xx -c -I../Inc -I"C:/Users/elena/STM32CubeIDE/workspace_1.18.1/systick/chip_headers/CMSIS/Include" -I"C:/Users/elena/STM32CubeIDE/workspace_1.18.1/systick/chip_headers/CMSIS/Device/ST/STM32F4xx/Include" -O0 -ffunction-sections -fdata-sections -Wall -fstack-usage -fcyclomatic-complexity -MMD -MP -MF"Src/main.d" -MT"Src/main.o" --specs=nano.specs -mfpu=fpv4-sp-d16 -mfloat-abi=hard -mthumb -o "Src/main.o"
arm-none-eabi-gcc "../Src/syscalls.c" -mcpu=cortex-m4 -std=gnu11 -g3 -DDEBUG -DSTM32 -DSTM32F4 -DSTM32F446RETx -DNUCLEO_F446RE -DSTM32F446xx -c -I../Inc -I"C:/Users/elena/STM32CubeIDE/workspace_1.18.1/systick/chip_headers/CMSIS/Include" -I"C:/Users/elena/STM32CubeIDE/workspace_1.18.1/systick/chip_headers/CMSIS/Device/ST/STM32F4xx/Include" -O0 -ffunction-sections -fdata-sections -Wall -fstack-usage -fcyclomatic-complexity -MMD -MP -MF"Src/syscalls.d" -MT"Src/syscalls.o" --specs=nano.specs -mfpu=fpv4-sp-d16 -mfloat-abi=hard -mthumb -o "Src/syscalls.o"
arm-none-eabi-gcc "../Src/sysmem.c" -mcpu=cortex-m4 -std=gnu11 -g3 -DDEBUG -DSTM32 -DSTM32F4 -DSTM32F446RETx -DNUCLEO_F446RE -DSTM32F446xx -c -I../Inc -I"C:/Users/elena/STM32CubeIDE/workspace_1.18.1/systick/chip_headers/CMSIS/Include" -I"C:/Users/elena/STM32CubeIDE/workspace_1.18.1/systick/chip_headers/CMSIS/Device/ST/STM32F4xx/Include" -O0 -ffunction-sections -fdata-sections -Wall -fstack-usage -fcyclomatic-complexity -MMD -MP -MF"Src/sysmem.d" -MT"Src/sysmem.o" --specs=nano.specs -mfpu=fpv4-sp-d16 -mfloat-abi=hard -mthumb -o "Src/sysmem.o"
arm-none-eabi-gcc "../Src/systick.c" -mcpu=cortex-m4 -std=gnu11 -g3 -DDEBUG -DSTM32 -DSTM32F4 -DSTM32F446RETx -DNUCLEO_F446RE -DSTM32F446xx -c -I../Inc -I"C:/Users/elena/STM32CubeIDE/workspace_1.18.1/systick/chip_headers/CMSIS/Include" -I"C:/Users/elena/STM32CubeIDE/workspace_1.18.1/systick/chip_headers/CMSIS/Device/ST/STM32F4xx/Include" -O0 -ffunction-sections -fdata-sections -Wall -fstack-usage -fcyclomatic-complexity -MMD -MP -MF"Src/systick.d" -MT"Src/systick.o" --specs=nano.specs -mfpu=fpv4-sp-d16 -mfloat-abi=hard -mthumb -o "Src/systick.o"
arm-none-eabi-gcc -o "systick.elf" @"objects.list"   -mcpu=cortex-m4 -T"C:\Users\elena\STM32CubeIDE\workspace_1.18.1\systick\STM32F446RETX_FLASH.ld" --specs=nosys.specs -Wl,-Map="systick.map" -Wl,--gc-sections -static --specs=nano.specs -mfpu=fpv4-sp-d16 -mfloat-abi=hard -mthumb -Wl,--start-group -lc -lm -Wl,--end-group
Finished building target: systick.elf
 
arm-none-eabi-size  systick.elf 
arm-none-eabi-objdump -h -S systick.elf  > "systick.list"
   text	   data	    bss	    dec	    hex	filename
    916	      0	   1568	   2484	    9b4	systick.elf
Finished building: default.size.stdout
 
Finished building: systick.list
 
11:33:57 **** Incremental Build of configuration Debug for project systick ****
make -j12 all 
arm-none-eabi-size  systick.elf 
   text	   data	    bss	    dec	    hex	filename
    916	      0	   1568	   2484	    9b4	systick.elf
Finished building: default.size.stdout
 
