14:54:03 **** Incremental Build of configuration Debug for project uart ****
make -j12 all 
arm-none-eabi-gcc "../Src/uart.c" -mcpu=cortex-m4 -std=gnu11 -g3 -DDEBUG -DSTM32 -DSTM32F4 -DSTM32F446RETx -DNUCLEO_F446RE -DSTM32F446xx -c -I../Inc -I"C:/Users/elena/STM32CubeIDE/workspace_1.18.1/uart/chip_headers/CMSIS/Include" -I"C:/Users/elena/STM32CubeIDE/workspace_1.18.1/uart/chip_headers/CMSIS/Device/ST/STM32F4xx/Include" -O0 -ffunction-sections -fdata-sections -Wall -fstack-usage -fcyclomatic-complexity -MMD -MP -MF"Src/uart.d" -MT"Src/uart.o" --specs=nano.specs -mfpu=fpv4-sp-d16 -mfloat-abi=hard -mthumb -o "Src/uart.o"
arm-none-eabi-gcc -o "uart.elf" @"objects.list"   -mcpu=cortex-m4 -T"C:\Users\elena\STM32CubeIDE\workspace_1.18.1\uart\STM32F446RETX_FLASH.ld" --specs=nosys.specs -Wl,-Map="uart.map" -Wl,--gc-sections -static --specs=nano.specs -mfpu=fpv4-sp-d16 -mfloat-abi=hard -mthumb -Wl,--start-group -lc -lm -Wl,--end-group
Finished building target: uart.elf
 
arm-none-eabi-size  uart.elf 
arm-none-eabi-objdump -h -S uart.elf  > "uart.list"
   text	   data	    bss	    dec	    hex	filename
   3852	     92	   1900	   5844	   16d4	uart.elf
Finished building: default.size.stdout
 
Finished building: uart.list
 
14:54:08 **** Incremental Build of configuration Debug for project uart ****
make -j12 all 
arm-none-eabi-size  uart.elf 
   text	   data	    bss	    dec	    hex	filename
   3852	     92	   1900	   5844	   16d4	uart.elf
Finished building: default.size.stdout
 
