10:18:02 **** Incremental Build of configuration Debug for project gpio_input_output ****
make -j12 all 
arm-none-eabi-gcc "../Src/gpio.c" -mcpu=cortex-m4 -std=gnu11 -g3 -DDEBUG -DSTM32 -DSTM32F4 -DSTM32F446RETx -DNUCLEO_F446RE -DSTM32F446xx -c -I../Inc -I"C:/Users/elena/STM32CubeIDE/workspace_1.18.1/gpio_input_output/chip_headers/CMSIS/Include" -I"C:/Users/elena/STM32CubeIDE/workspace_1.18.1/gpio_input_output/chip_headers/CMSIS/Device/ST/STM32F4xx/Include" -O0 -ffunction-sections -fdata-sections -Wall -fstack-usage -fcyclomatic-complexity -MMD -MP -MF"Src/gpio.d" -MT"Src/gpio.o" --specs=nano.specs -mfpu=fpv4-sp-d16 -mfloat-abi=hard -mthumb -o "Src/gpio.o"
arm-none-eabi-gcc "../Src/main.c" -mcpu=cortex-m4 -std=gnu11 -g3 -DDEBUG -DSTM32 -DSTM32F4 -DSTM32F446RETx -DNUCLEO_F446RE -DSTM32F446xx -c -I../Inc -I"C:/Users/elena/STM32CubeIDE/workspace_1.18.1/gpio_input_output/chip_headers/CMSIS/Include" -I"C:/Users/elena/STM32CubeIDE/workspace_1.18.1/gpio_input_output/chip_headers/CMSIS/Device/ST/STM32F4xx/Include" -O0 -ffunction-sections -fdata-sections -Wall -fstack-usage -fcyclomatic-complexity -MMD -MP -MF"Src/main.d" -MT"Src/main.o" --specs=nano.specs -mfpu=fpv4-sp-d16 -mfloat-abi=hard -mthumb -o "Src/main.o"
arm-none-eabi-gcc -o "gpio_input_output.elf" @"objects.list"   -mcpu=cortex-m4 -T"C:\Users\elena\STM32CubeIDE\workspace_1.18.1\gpio_input_output\STM32F446RETX_FLASH.ld" --specs=nosys.specs -Wl,-Map="gpio_input_output.map" -Wl,--gc-sections -static --specs=nano.specs -mfpu=fpv4-sp-d16 -mfloat-abi=hard -mthumb -Wl,--start-group -lc -lm -Wl,--end-group
Finished building target: gpio_input_output.elf
 
arm-none-eabi-size  gpio_input_output.elf 
arm-none-eabi-objdump -h -S gpio_input_output.elf  > "gpio_input_output.list"
   text	   data	    bss	    dec	    hex	filename
    972	      0	   1568	   2540	    9ec	gpio_input_output.elf
Finished building: default.size.stdout
 
Finished building: gpio_input_output.list
 

10:18:04 Build Finished. 0 errors, 0 warnings. (took 1s.506ms)

